---
source: site2md_secrss/src/lib.rs
assertion_line: 127
expression: parsed
---
- title: 知名打车应用因跨境传输数据违规被罚8亿元
  href: "https://www.secrss.com/articles/90144"
  tag: 广电媒体
  author: 安全内参
  time: 2026-05-09
- title: 《网络安全技术 操作系统安全技术规范》等10项网络安全国家标准获批发布
  href: "https://www.secrss.com/articles/90141"
  tag: 标准
  author: 全国网安标委
  time: 2026-05-09
- title: FreeBSD dhclient远程命令执行漏洞(CVE-2026-42511)安全风险通告
  href: "https://www.secrss.com/articles/90130"
  tag: 漏洞
  author: 奇安信 CERT
  time: 2026-05-09
- title: 硅谷没有乌托邦：从马斯克诉OpenAI案，看资本、初心与AGI治理的终极冲突
  href: "https://www.secrss.com/articles/90121"
  tag: 互联网
  author: 网安寻路人
  time: 2026-05-09
- title: 特朗普政府与TikTok拟达成4亿美元隐私诉讼和解协议
  href: "https://www.secrss.com/articles/90120"
  tag: 互联网
  author: 合规小叨客
  time: 2026-05-09
- title: 网络犯罪国际规则总体态势：全球条约与区域规则共同推进和相互竞争
  href: "https://www.secrss.com/articles/90125"
  tag: 公检法
  author: 网络空间国际法前沿
  time: 2026-05-09
- title: 国家安全部：刷机需谨慎，安全不能丢
  href: "https://www.secrss.com/articles/90117"
  tag: 国家安全
  author: 国家安全部
  time: 2026-05-09
- title: OpenAI发布GPT-5.5-Cyber，AI攻防战正式打响
  href: "https://www.secrss.com/articles/90115"
  tag: 技术动态
  author: 玄月调查小组
  time: 2026-05-09
- title: 智能体正式进入监管周期：中国开始为Agent时代建立治理底座
  href: "https://www.secrss.com/articles/90111"
  tag: 政策解读
  author: 模安局
  time: 2026-05-08
- title: 四部门印发《关于促进人工智能与能源双向赋能的行动方案》
  href: "https://www.secrss.com/articles/90103"
  tag: 电力能源
  author: 国家能源局
  time: 2026-05-08
- title: 洛·马公司软件工厂能力体系建设与场景应用研究
  href: "https://www.secrss.com/articles/90126"
  tag: 军队军工
  author: 军事文摘
  time: 2026-05-08
- title: 国家网信办等三部门联合印发《智能体规范应用与创新发展实施意见》
  href: "https://www.secrss.com/articles/90104"
  tag: 政策
  author: 网信中国
  time: 2026-05-08
- title: 网络攻击引发美国校园大混乱：2.8亿条数据泄露，学生课堂、作业与期末考试全部被打乱
  href: "https://www.secrss.com/articles/90097"
  tag: 教育科研
  author: 安全内参
  time: 2026-05-08
- title: 富士康美国工厂断网停产多天，引发网络攻击担忧
  href: "https://www.secrss.com/articles/90098"
  tag: 制造业
  author: 安全内参
  time: 2026-05-08
- title: 美国战争部在军用涉密网络部署商业人工智能能力
  href: "https://www.secrss.com/articles/90087"
  tag: 军队军工
  author: 国防科技要闻
  time: 2026-05-08
- title: 政企数据泄露案件频发，多人倒卖学籍、学历信息牟利被判刑
  href: "https://www.secrss.com/articles/90089"
  tag: 数据泄露
  author: 隐私护卫队
  time: 2026-05-08
- title: 告别静态标签：DarkAtlas发布“六维六层”网络威胁归因模型
  href: "https://www.secrss.com/articles/90083"
  tag: 技术动态
  author: 奇安网情局
  time: 2026-05-08
- title: 《人工智能终端智能化分级》系列国家标准发布
  href: "https://www.secrss.com/articles/90090"
  tag: 标准
  author: 工信微报
  time: 2026-05-08
- title: 《生活服务类平台算法负面清单（试行）》实施取得初步成效
  href: "https://www.secrss.com/articles/90099"
  tag: 互联网
  author: 网信中国
  time: 2026-05-08
- title: 国家网信办《消费类网联摄像头网络安全标识实施规则》及相关标准公开征求意见
  href: "https://www.secrss.com/articles/90093"
  tag: 政策
  author: 网信中国
  time: 2026-05-08
